// Jest Snapshot v1, https://goo.gl/fbAQLP

exports[`Dashboard queries Keen, prepares chart and renders data into DOM element 1`] = `
<div
  class="chart-stage"
/>
`;
